// Vitest Snapshot v1, https://vitest.dev/guide/snapshot.html

exports[`CSS Generator Snapshots > should match generateColorCSS snapshot 1`] = `
":root, [data-vapor-theme="light"] {
    --vapor-color-background-canvas: #f8fafc;
    --vapor-color-mint-050: #cdfdcd;
    --vapor-color-mint-100: #6af574ff;
    --vapor-color-mint-200: #58db60;
    --vapor-color-mint-300: #3eb643;
    --vapor-color-mint-400: #33a636;
    --vapor-color-mint-500: #178618;
    --vapor-color-mint-600: #006a00;
    --vapor-color-mint-700: #005700;
    --vapor-color-mint-800: #004000;
    --vapor-color-mint-900: #002a00;
    --vapor-color-neutral-050: #eff1f3;
    --vapor-color-neutral-100: #dbddde;
    --vapor-color-neutral-200: #c0c2c3;
    --vapor-color-neutral-300: #9fa0a2;
    --vapor-color-neutral-400: #909193;
    --vapor-color-neutral-500: #737374;
    --vapor-color-neutral-600: #5a5b5b;
    --vapor-color-neutral-700: #494a4a;
    --vapor-color-neutral-800: #363637;
    --vapor-color-neutral-900: #232324;
    --vapor-color-background-primary-100: var(--vapor-color-mint-100);
    --vapor-color-background-primary-200: var(--vapor-color-mint-100);
    --vapor-color-foreground-primary-100: var(--vapor-color-mint-200);
    --vapor-color-foreground-primary-200: var(--vapor-color-mint-300);
    --vapor-color-border-primary: var(--vapor-color-mint-100);
    --vapor-color-button-foreground-primary: var(--vapor-color-black);
}

[data-vapor-theme="dark"] {
    --vapor-color-background-canvas: #161717;
    --vapor-color-mint-050: #002400;
    --vapor-color-mint-100: #003600;
    --vapor-color-mint-200: #004a00;
    --vapor-color-mint-300: #006700;
    --vapor-color-mint-400: #017401;
    --vapor-color-mint-500: #239325;
    --vapor-color-mint-600: #3bb13f;
    --vapor-color-mint-700: #4dcb53;
    --vapor-color-mint-800: #62e96b;
    --vapor-color-mint-900: #b8fbb9;
    --vapor-color-neutral-050: #1e1e1e;
    --vapor-color-neutral-100: #2d2d2d;
    --vapor-color-neutral-200: #3f3f40;
    --vapor-color-neutral-300: #575758;
    --vapor-color-neutral-400: #636364;
    --vapor-color-neutral-500: #7e7f81;
    --vapor-color-neutral-600: #9a9c9d;
    --vapor-color-neutral-700: #b1b2b4;
    --vapor-color-neutral-800: #cdcfd1;
    --vapor-color-neutral-900: #e9ebec;
    --vapor-color-background-primary-100: var(--vapor-color-mint-800);
    --vapor-color-background-primary-200: var(--vapor-color-mint-800);
    --vapor-color-foreground-primary-100: var(--vapor-color-mint-900);
    --vapor-color-foreground-primary-200: var(--vapor-color-mint-900);
    --vapor-color-border-primary: var(--vapor-color-mint-800);
    --vapor-color-button-foreground-primary: var(--vapor-color-black);
}"
`;

exports[`CSS Generator Snapshots > should match generateColorCSS with options snapshot 1`] = `":root, [data-vapor-theme="light"]{--custom-color-background-canvas:#f8fafc;--custom-color-mint-050:#cdfdcd;--custom-color-mint-100:#6af574ff;--custom-color-mint-200:#58db60;--custom-color-mint-300:#3eb643;--custom-color-mint-400:#33a636;--custom-color-mint-500:#178618;--custom-color-mint-600:#006a00;--custom-color-mint-700:#005700;--custom-color-mint-800:#004000;--custom-color-mint-900:#002a00;--custom-color-neutral-050:#eff1f3;--custom-color-neutral-100:#dbddde;--custom-color-neutral-200:#c0c2c3;--custom-color-neutral-300:#9fa0a2;--custom-color-neutral-400:#909193;--custom-color-neutral-500:#737374;--custom-color-neutral-600:#5a5b5b;--custom-color-neutral-700:#494a4a;--custom-color-neutral-800:#363637;--custom-color-neutral-900:#232324;--custom-color-background-primary-100:var(--custom-color-mint-100);--custom-color-background-primary-200:var(--custom-color-mint-100);--custom-color-foreground-primary-100:var(--custom-color-mint-200);--custom-color-foreground-primary-200:var(--custom-color-mint-300);--custom-color-border-primary:var(--custom-color-mint-100);--custom-color-button-foreground-primary:var(--custom-color-black)}[data-vapor-theme="dark"]{--custom-color-background-canvas:#161717;--custom-color-mint-050:#002400;--custom-color-mint-100:#003600;--custom-color-mint-200:#004a00;--custom-color-mint-300:#006700;--custom-color-mint-400:#017401;--custom-color-mint-500:#239325;--custom-color-mint-600:#3bb13f;--custom-color-mint-700:#4dcb53;--custom-color-mint-800:#62e96b;--custom-color-mint-900:#b8fbb9;--custom-color-neutral-050:#1e1e1e;--custom-color-neutral-100:#2d2d2d;--custom-color-neutral-200:#3f3f40;--custom-color-neutral-300:#575758;--custom-color-neutral-400:#636364;--custom-color-neutral-500:#7e7f81;--custom-color-neutral-600:#9a9c9d;--custom-color-neutral-700:#b1b2b4;--custom-color-neutral-800:#cdcfd1;--custom-color-neutral-900:#e9ebec;--custom-color-background-primary-100:var(--custom-color-mint-800);--custom-color-background-primary-200:var(--custom-color-mint-800);--custom-color-foreground-primary-100:var(--custom-color-mint-900);--custom-color-foreground-primary-200:var(--custom-color-mint-900);--custom-color-border-primary:var(--custom-color-mint-800);--custom-color-button-foreground-primary:var(--custom-color-black)}"`;

exports[`CSS Generator Snapshots > should match generateCompleteCSS snapshot 1`] = `
":root, [data-vapor-theme="light"] {
    --vapor-color-background-canvas: #f8fafc;
    --vapor-color-mint-050: #cdfdcd;
    --vapor-color-mint-100: #6af574ff;
    --vapor-color-mint-200: #58db60;
    --vapor-color-mint-300: #3eb643;
    --vapor-color-mint-400: #33a636;
    --vapor-color-mint-500: #178618;
    --vapor-color-mint-600: #006a00;
    --vapor-color-mint-700: #005700;
    --vapor-color-mint-800: #004000;
    --vapor-color-mint-900: #002a00;
    --vapor-color-neutral-050: #eff1f3;
    --vapor-color-neutral-100: #dbddde;
    --vapor-color-neutral-200: #c0c2c3;
    --vapor-color-neutral-300: #9fa0a2;
    --vapor-color-neutral-400: #909193;
    --vapor-color-neutral-500: #737374;
    --vapor-color-neutral-600: #5a5b5b;
    --vapor-color-neutral-700: #494a4a;
    --vapor-color-neutral-800: #363637;
    --vapor-color-neutral-900: #232324;
    --vapor-color-background-primary-100: var(--vapor-color-mint-100);
    --vapor-color-background-primary-200: var(--vapor-color-mint-100);
    --vapor-color-foreground-primary-100: var(--vapor-color-mint-200);
    --vapor-color-foreground-primary-200: var(--vapor-color-mint-300);
    --vapor-color-border-primary: var(--vapor-color-mint-100);
    --vapor-color-button-foreground-primary: var(--vapor-color-black);
    --vapor-scale-factor: 1.15;
    --vapor-radius-factor: 1.5;
}

[data-vapor-theme="dark"] {
    --vapor-color-background-canvas: #161717;
    --vapor-color-mint-050: #002400;
    --vapor-color-mint-100: #003600;
    --vapor-color-mint-200: #004a00;
    --vapor-color-mint-300: #006700;
    --vapor-color-mint-400: #017401;
    --vapor-color-mint-500: #239325;
    --vapor-color-mint-600: #3bb13f;
    --vapor-color-mint-700: #4dcb53;
    --vapor-color-mint-800: #62e96b;
    --vapor-color-mint-900: #b8fbb9;
    --vapor-color-neutral-050: #1e1e1e;
    --vapor-color-neutral-100: #2d2d2d;
    --vapor-color-neutral-200: #3f3f40;
    --vapor-color-neutral-300: #575758;
    --vapor-color-neutral-400: #636364;
    --vapor-color-neutral-500: #7e7f81;
    --vapor-color-neutral-600: #9a9c9d;
    --vapor-color-neutral-700: #b1b2b4;
    --vapor-color-neutral-800: #cdcfd1;
    --vapor-color-neutral-900: #e9ebec;
    --vapor-color-background-primary-100: var(--vapor-color-mint-800);
    --vapor-color-background-primary-200: var(--vapor-color-mint-800);
    --vapor-color-foreground-primary-100: var(--vapor-color-mint-900);
    --vapor-color-foreground-primary-200: var(--vapor-color-mint-900);
    --vapor-color-border-primary: var(--vapor-color-mint-800);
    --vapor-color-button-foreground-primary: var(--vapor-color-black);
}"
`;

exports[`CSS Generator Snapshots > should match generateCompleteCSS with options snapshot 1`] = `
"/*
 * Vapor UI Theme
 * Generated with @vapor-ui/css-generator
 * 
 * Colors: mint (#6af574ff)
 * Scaling: 1.15
 * Radius: lg
 */



:root,[data-vapor-theme="light"]{--custom-color-background-canvas:#f8fafc;--custom-color-mint-050:#cdfdcd;--custom-color-mint-100:#6af574ff;--custom-color-mint-200:#58db60;--custom-color-mint-300:#3eb643;--custom-color-mint-400:#33a636;--custom-color-mint-500:#178618;--custom-color-mint-600:#006a00;--custom-color-mint-700:#005700;--custom-color-mint-800:#004000;--custom-color-mint-900:#002a00;--custom-color-neutral-050:#eff1f3;--custom-color-neutral-100:#dbddde;--custom-color-neutral-200:#c0c2c3;--custom-color-neutral-300:#9fa0a2;--custom-color-neutral-400:#909193;--custom-color-neutral-500:#737374;--custom-color-neutral-600:#5a5b5b;--custom-color-neutral-700:#494a4a;--custom-color-neutral-800:#363637;--custom-color-neutral-900:#232324;--custom-color-background-primary-100:var(--custom-color-mint-100);--custom-color-background-primary-200:var(--custom-color-mint-100);--custom-color-foreground-primary-100:var(--custom-color-mint-200);--custom-color-foreground-primary-200:var(--custom-color-mint-300);--custom-color-border-primary:var(--custom-color-mint-100);--custom-color-button-foreground-primary:var(--custom-color-black);--custom-scale-factor:1.15;--custom-radius-factor:1.5}

[data-vapor-theme="dark"]{--custom-color-background-canvas:#161717;--custom-color-mint-050:#002400;--custom-color-mint-100:#003600;--custom-color-mint-200:#004a00;--custom-color-mint-300:#006700;--custom-color-mint-400:#017401;--custom-color-mint-500:#239325;--custom-color-mint-600:#3bb13f;--custom-color-mint-700:#4dcb53;--custom-color-mint-800:#62e96b;--custom-color-mint-900:#b8fbb9;--custom-color-neutral-050:#1e1e1e;--custom-color-neutral-100:#2d2d2d;--custom-color-neutral-200:#3f3f40;--custom-color-neutral-300:#575758;--custom-color-neutral-400:#636364;--custom-color-neutral-500:#7e7f81;--custom-color-neutral-600:#9a9c9d;--custom-color-neutral-700:#b1b2b4;--custom-color-neutral-800:#cdcfd1;--custom-color-neutral-900:#e9ebec;--custom-color-background-primary-100:var(--custom-color-mint-800);--custom-color-background-primary-200:var(--custom-color-mint-800);--custom-color-foreground-primary-100:var(--custom-color-mint-900);--custom-color-foreground-primary-200:var(--custom-color-mint-900);--custom-color-border-primary:var(--custom-color-mint-800);--custom-color-button-foreground-primary:var(--custom-color-black)}"
`;

exports[`CSS Generator Snapshots > should match generateRadiusCSS snapshot 1`] = `
":root, [data-vapor-theme="light"] {
    --vapor-radius-factor: 3;
}"
`;

exports[`CSS Generator Snapshots > should match generateRadiusCSS with options snapshot 1`] = `":root, [data-vapor-theme="light"]{--custom-radius-factor:0.5}"`;

exports[`CSS Generator Snapshots > should match generateScalingCSS snapshot 1`] = `
":root, [data-vapor-theme="light"] {
    --vapor-scale-factor: 1.15;
}"
`;

exports[`CSS Generator Snapshots > should match generateScalingCSS with options snapshot 1`] = `":root, [data-vapor-theme="light"]{--custom-scale-factor:1.25}"`;