// Vitest Snapshot v1, https://vitest.dev/guide/snapshot.html

exports[`Primary Color Generator > primaryColorPalette > should generate consistent primary color palette collection 1`] = `
{
  "base": {
    "black": {
      "hex": "#000000",
      "oklch": "oklch(0.000 0.000 0.0)",
    },
    "white": {
      "hex": "#ffffff",
      "oklch": "oklch(1.000 0.000 0.0)",
    },
  },
  "dark": {
    "background": {
      "canvas": {
        "hex": "#232323",
        "oklch": "oklch(0.256 0.000 0.0)",
      },
    },
    "gray": {
      "050": {
        "deltaE": 0,
        "hex": "#2e2e2e",
        "oklch": "oklch(0.301 0.000 0.0)",
      },
      "100": {
        "deltaE": 0,
        "hex": "#363636",
        "oklch": "oklch(0.333 0.000 0.0)",
      },
      "200": {
        "deltaE": 0,
        "hex": "#474747",
        "oklch": "oklch(0.398 0.000 0.0)",
      },
      "300": {
        "deltaE": 0,
        "hex": "#606060",
        "oklch": "oklch(0.489 0.000 0.0)",
      },
      "400": {
        "deltaE": 0,
        "hex": "#6c6c6c",
        "oklch": "oklch(0.531 0.000 0.0)",
      },
      "500": {
        "deltaE": 0,
        "hex": "#898989",
        "oklch": "oklch(0.630 0.000 0.0)",
      },
      "600": {
        "deltaE": 0,
        "hex": "#a7a7a7",
        "oklch": "oklch(0.728 0.000 0.0)",
      },
      "700": {
        "deltaE": 0,
        "hex": "#bebebe",
        "oklch": "oklch(0.802 0.000 0.0)",
      },
      "800": {
        "deltaE": 0,
        "hex": "#dcdcdc",
        "oklch": "oklch(0.894 0.000 0.0)",
      },
      "900": {
        "deltaE": 0,
        "hex": "#fafafa",
        "oklch": "oklch(0.985 0.000 0.0)",
      },
    },
    "primary": {
      "050": {
        "deltaE": 71.75,
        "hex": "#2f2f17",
        "oklch": "oklch(0.298 0.039 108.6)",
      },
      "100": {
        "deltaE": 66.14,
        "hex": "#383820",
        "oklch": "oklch(0.334 0.039 108.3)",
      },
      "200": {
        "deltaE": 56.76,
        "hex": "#494931",
        "oklch": "oklch(0.398 0.038 108.0)",
      },
      "300": {
        "deltaE": 45.09,
        "hex": "#626248",
        "oklch": "oklch(0.489 0.039 107.8)",
      },
      "400": {
        "deltaE": 40.17,
        "hex": "#6e6e54",
        "oklch": "oklch(0.531 0.039 107.7)",
      },
      "500": {
        "deltaE": 29.67,
        "hex": "#8b8b6f",
        "oklch": "oklch(0.629 0.040 107.5)",
      },
      "600": {
        "deltaE": 20.71,
        "hex": "#a8a88b",
        "oklch": "oklch(0.724 0.040 107.4)",
      },
      "700": {
        "deltaE": 14.2,
        "hex": "#c0c0a1",
        "oklch": "oklch(0.800 0.042 107.3)",
      },
      "800": {
        "deltaE": 6.98,
        "hex": "#dedebd",
        "oklch": "oklch(0.892 0.044 107.3)",
      },
      "900": {
        "deltaE": 0.83,
        "hex": "#fbfbd9",
        "oklch": "oklch(0.979 0.044 107.2)",
      },
    },
  },
  "light": {
    "background": {
      "canvas": {
        "hex": "#ffffff",
        "oklch": "oklch(1.000 0.000 0.0)",
      },
    },
    "gray": {
      "050": {
        "deltaE": 0,
        "hex": "#efefef",
        "oklch": "oklch(0.952 0.000 0.0)",
      },
      "100": {
        "deltaE": 0,
        "hex": "#e1e1e1",
        "oklch": "oklch(0.910 0.000 0.0)",
      },
      "200": {
        "deltaE": 0,
        "hex": "#c6c6c6",
        "oklch": "oklch(0.827 0.000 0.0)",
      },
      "300": {
        "deltaE": 0,
        "hex": "#a3a3a3",
        "oklch": "oklch(0.715 0.000 0.0)",
      },
      "400": {
        "deltaE": 0,
        "hex": "#959595",
        "oklch": "oklch(0.670 0.000 0.0)",
      },
      "500": {
        "deltaE": 0,
        "hex": "#767676",
        "oklch": "oklch(0.566 0.000 0.0)",
      },
      "600": {
        "deltaE": 0,
        "hex": "#5d5d5d",
        "oklch": "oklch(0.478 0.000 0.0)",
      },
      "700": {
        "deltaE": 0,
        "hex": "#4c4c4c",
        "oklch": "oklch(0.417 0.000 0.0)",
      },
      "800": {
        "deltaE": 0,
        "hex": "#393939",
        "oklch": "oklch(0.345 0.000 0.0)",
      },
      "900": {
        "deltaE": 0,
        "hex": "#262626",
        "oklch": "oklch(0.269 0.000 0.0)",
      },
    },
    "primary": {
      "050": {
        "deltaE": 2.86,
        "hex": "#f1f1ce",
        "oklch": "oklch(0.949 0.046 107.2)",
      },
      "100": {
        "deltaE": 5.71,
        "hex": "#e3e4c2",
        "oklch": "oklch(0.909 0.045 108.6)",
      },
      "200": {
        "deltaE": 12.19,
        "hex": "#c8c8a8",
        "oklch": "oklch(0.824 0.043 107.3)",
      },
      "300": {
        "deltaE": 21.35,
        "hex": "#a5a688",
        "oklch": "oklch(0.716 0.042 109.0)",
      },
      "400": {
        "deltaE": 25.87,
        "hex": "#96977a",
        "oklch": "oklch(0.668 0.041 109.1)",
      },
      "500": {
        "deltaE": 36.34,
        "hex": "#78785e",
        "oklch": "oklch(0.565 0.038 107.6)",
      },
      "600": {
        "deltaE": 46.29,
        "hex": "#605f46",
        "oklch": "oklch(0.479 0.038 105.8)",
      },
      "700": {
        "deltaE": 54.24,
        "hex": "#4e4e36",
        "oklch": "oklch(0.417 0.038 107.9)",
      },
      "800": {
        "deltaE": 64.38,
        "hex": "#3b3b23",
        "oklch": "oklch(0.345 0.039 108.3)",
      },
      "900": {
        "deltaE": 76.48,
        "hex": "#282810",
        "oklch": "oklch(0.270 0.039 108.8)",
      },
    },
  },
}
`;
